{
  "conditionGroup" : {
    "conditionGroups" : [
      {
        "conditionGroups" : [ ],
        "conditions" : [
          {
            "leftHandSide" : "state",
            "operator" : "=",
            "rightHandSide" : "CA"
          },
          {
            "leftHandSide" : "state",
            "operator" : "=",
            "rightHandSide" : "WA"
          }
        ],
        "operator" : "or"
      }
    ],
    "conditions" : [
      {
        "leftHandSide" : "active",
        "operator" : "=",
        "rightHandSide" : true
      },
      {
        "leftHandSide" : "someOtherField",
        "operator" : "in",
        "rightHandSide" : [
          "A",
          "B",
          "C"
        ]
      }
    ],
    "operator" : "and"
  },
  "groupByAttributePaths" : [
    "a"
  ],
  "paginationInfo" : {
    "pageIndex" : 24,
    "pageSize" : 42
  },
  "selections" : [
    {
      "attributePath" : "a"
    },
    {
      "aggregateFunction" : "COUNT",
      "attributePath" : "b"
    }
  ],
  "sorts" : [
    {
      "attributePath" : "sortField",
      "direction" : "asc"
    }
  ]
}