{
  "firstName" : "Evan",
  "lastName" : "Zeimet",
  "employer" : {
    "name" : "Some Company"
  }
}